
Discarded input sections

 .text          0x00000000       0x14 C:\Users\wywyw\AppData\Local\Temp\cc0rDgCp.o
 .data          0x00000000        0x0 C:\Users\wywyw\AppData\Local\Temp\cc0rDgCp.o
 .bss           0x00000000        0x0 C:\Users\wywyw\AppData\Local\Temp\cc0rDgCp.o
 .text          0x00000000        0x0 C:\Users\wywyw\AppData\Local\Temp\ccCVhLHf.o
 .data          0x00000000        0x0 C:\Users\wywyw\AppData\Local\Temp\ccCVhLHf.o
 .bss           0x00000000        0x0 C:\Users\wywyw\AppData\Local\Temp\ccCVhLHf.o

Memory Configuration

Name             Origin             Length             Attributes
RAM              0x20000000         0x00005000         xrw
FLASH            0x08000000         0x00010000         xr
*default*        0x00000000         0xffffffff

Linker script and memory map

LOAD C:\Users\wywyw\AppData\Local\Temp\cc0rDgCp.o
LOAD C:\Users\wywyw\AppData\Local\Temp\ccCVhLHf.o
START GROUP
LOAD C:/ST/STM32CubeIDE_1.19.0/STM32CubeIDE/plugins/com.st.stm32cube.ide.mcu.externaltools.gnu-tools-for-stm32.13.3.rel1.win32_1.0.0.202411081344/tools/bin/../lib/gcc/arm-none-eabi/13.3.1/thumb/v7-m/nofp\libgcc.a
LOAD C:/ST/STM32CubeIDE_1.19.0/STM32CubeIDE/plugins/com.st.stm32cube.ide.mcu.externaltools.gnu-tools-for-stm32.13.3.rel1.win32_1.0.0.202411081344/tools/bin/../lib/gcc/arm-none-eabi/13.3.1/../../../../arm-none-eabi/lib/thumb/v7-m/nofp\libc_nano.a
END GROUP
START GROUP
LOAD C:/ST/STM32CubeIDE_1.19.0/STM32CubeIDE/plugins/com.st.stm32cube.ide.mcu.externaltools.gnu-tools-for-stm32.13.3.rel1.win32_1.0.0.202411081344/tools/bin/../lib/gcc/arm-none-eabi/13.3.1/thumb/v7-m/nofp\libgcc.a
LOAD C:/ST/STM32CubeIDE_1.19.0/STM32CubeIDE/plugins/com.st.stm32cube.ide.mcu.externaltools.gnu-tools-for-stm32.13.3.rel1.win32_1.0.0.202411081344/tools/bin/../lib/gcc/arm-none-eabi/13.3.1/../../../../arm-none-eabi/lib/thumb/v7-m/nofp\libc_nano.a
END GROUP
                0x20005000                        _estack = 0x20005000
                0x00000000                        _Min_Heap_Size = 0x0
                0x00000400                        _Min_Stack_Size = 0x400

.isr_vector     0x08000000       0xec
                0x08000000                        . = ALIGN (0x4)
 *(.isr_vector)
 .isr_vector    0x08000000       0xec C:\Users\wywyw\AppData\Local\Temp\cc0rDgCp.o
                0x08000000                g_pfnVectors
                0x080000ec                        . = ALIGN (0x4)

.text           0x080000ec       0xdc
                0x080000ec                        . = ALIGN (0x4)
 *(.text)
 *(.text*)
 .text.Reset_Handler
                0x080000ec       0x48 C:\Users\wywyw\AppData\Local\Temp\cc0rDgCp.o
                0x080000ec                Reset_Handler
 .text.Default_Handler
                0x08000134        0x2 C:\Users\wywyw\AppData\Local\Temp\cc0rDgCp.o
                0x08000134                RTC_Alarm_IRQHandler
                0x08000134                EXTI2_IRQHandler
                0x08000134                DebugMon_Handler
                0x08000134                TIM1_CC_IRQHandler
                0x08000134                HardFault_Handler
                0x08000134                SysTick_Handler
                0x08000134                PVD_IRQHandler
                0x08000134                PendSV_Handler
                0x08000134                NMI_Handler
                0x08000134                EXTI3_IRQHandler
                0x08000134                EXTI0_IRQHandler
                0x08000134                I2C2_EV_IRQHandler
                0x08000134                UsageFault_Handler
                0x08000134                ADC1_2_IRQHandler
                0x08000134                SPI1_IRQHandler
                0x08000134                TAMPER_IRQHandler
                0x08000134                DMA1_Channel4_IRQHandler
                0x08000134                USART3_IRQHandler
                0x08000134                RTC_IRQHandler
                0x08000134                DMA1_Channel7_IRQHandler
                0x08000134                CAN1_RX1_IRQHandler
                0x08000134                TIM4_IRQHandler
                0x08000134                I2C1_EV_IRQHandler
                0x08000134                DMA1_Channel6_IRQHandler
                0x08000134                TIM3_IRQHandler
                0x08000134                RCC_IRQHandler
                0x08000134                TIM1_TRG_COM_IRQHandler
                0x08000134                DMA1_Channel1_IRQHandler
                0x08000134                Default_Handler
                0x08000134                EXTI15_10_IRQHandler
                0x08000134                EXTI9_5_IRQHandler
                0x08000134                SPI2_IRQHandler
                0x08000134                MemManage_Handler
                0x08000134                SVC_Handler
                0x08000134                DMA1_Channel5_IRQHandler
                0x08000134                EXTI4_IRQHandler
                0x08000134                USB_LP_CAN1_RX0_IRQHandler
                0x08000134                USB_HP_CAN1_TX_IRQHandler
                0x08000134                DMA1_Channel3_IRQHandler
                0x08000134                TIM1_UP_IRQHandler
                0x08000134                WWDG_IRQHandler
                0x08000134                TIM2_IRQHandler
                0x08000134                TIM1_BRK_IRQHandler
                0x08000134                EXTI1_IRQHandler
                0x08000134                USART2_IRQHandler
                0x08000134                I2C2_ER_IRQHandler
                0x08000134                DMA1_Channel2_IRQHandler
                0x08000134                CAN1_SCE_IRQHandler
                0x08000134                FLASH_IRQHandler
                0x08000134                BusFault_Handler
                0x08000134                USART1_IRQHandler
                0x08000134                I2C1_ER_IRQHandler
                0x08000134                USBWakeUp_IRQHandler
 .text.SystemInit
                0x08000136        0x2 C:\Users\wywyw\AppData\Local\Temp\ccCVhLHf.o
                0x08000136                SystemInit
 .text.__libc_init_array
                0x08000138        0x2 C:\Users\wywyw\AppData\Local\Temp\ccCVhLHf.o
                0x08000138                __libc_init_array
 *fill*         0x0800013a        0x2 
 .text.hardware_init
                0x0800013c       0x28 C:\Users\wywyw\AppData\Local\Temp\ccCVhLHf.o
                0x0800013c                hardware_init
 .text.delay_ms
                0x08000164       0x38 C:\Users\wywyw\AppData\Local\Temp\ccCVhLHf.o
                0x08000164                delay_ms
 .text.main     0x0800019c       0x2c C:\Users\wywyw\AppData\Local\Temp\ccCVhLHf.o
                0x0800019c                main
 *(.glue_7)
 .glue_7        0x080001c8        0x0 linker stubs
 *(.glue_7t)
 .glue_7t       0x080001c8        0x0 linker stubs
 *(.eh_frame)
 *(.init)
 *(.fini)
                0x080001c8                        . = ALIGN (0x4)
                0x080001c8                        _etext = .

.vfp11_veneer   0x080001c8        0x0
 .vfp11_veneer  0x080001c8        0x0 linker stubs

.v4_bx          0x080001c8        0x0
 .v4_bx         0x080001c8        0x0 linker stubs

.iplt           0x080001c8        0x0
 .iplt          0x080001c8        0x0 C:\Users\wywyw\AppData\Local\Temp\cc0rDgCp.o

.rel.dyn        0x080001c8        0x0
 .rel.iplt      0x080001c8        0x0 C:\Users\wywyw\AppData\Local\Temp\cc0rDgCp.o

.rodata         0x080001c8        0x0
                0x080001c8                        . = ALIGN (0x4)
 *(.rodata)
 *(.rodata*)
                0x080001c8                        . = ALIGN (0x4)

.ARM.extab
 *(.ARM.extab* .gnu.linkonce.armextab.*)

.ARM            0x080001c8        0x0
                0x080001c8                        __exidx_start = .
 *(.ARM.exidx*)
                0x080001c8                        __exidx_end = .

.preinit_array  0x080001c8        0x0
                [!provide]                        PROVIDE (__preinit_array_start = .)
 *(.preinit_array*)
                [!provide]                        PROVIDE (__preinit_array_end = .)

.init_array     0x080001c8        0x0
                [!provide]                        PROVIDE (__init_array_start = .)
 *(SORT_BY_NAME(.init_array.*))
 *(.init_array*)
                [!provide]                        PROVIDE (__init_array_end = .)

.fini_array     0x080001c8        0x0
                [!provide]                        PROVIDE (__fini_array_start = .)
 *(SORT_BY_NAME(.fini_array.*))
 *(.fini_array*)
                [!provide]                        PROVIDE (__fini_array_end = .)
                0x080001c8                        _sidata = LOADADDR (.data)

.data           0x20000000        0x0 load address 0x080001c8
                0x20000000                        . = ALIGN (0x4)
                0x20000000                        _sdata = .
 *(.data)
 *(.data*)
                0x20000000                        . = ALIGN (0x4)
                0x20000000                        _edata = .

.igot.plt       0x20000000        0x0 load address 0x080001c8
 .igot.plt      0x20000000        0x0 C:\Users\wywyw\AppData\Local\Temp\cc0rDgCp.o
                0x20000000                        . = ALIGN (0x4)

.bss            0x20000000        0x0 load address 0x080001c8
                0x20000000                        _sbss = .
                0x20000000                        __bss_start__ = _sbss
 *(.bss)
 *(.bss*)
 *(COMMON)
                0x20000000                        . = ALIGN (0x4)
                0x20000000                        _ebss = .
                0x20000000                        __bss_end__ = _ebss

._user_heap_stack
                0x20000000      0x400 load address 0x080001c8
                0x20000000                        . = ALIGN (0x4)
                [!provide]                        PROVIDE (end = .)
                [!provide]                        PROVIDE (_end = .)
                0x20000000                        . = (. + _Min_Heap_Size)
                0x20000400                        . = (. + _Min_Stack_Size)
 *fill*         0x20000000      0x400 
                0x20000400                        . = ALIGN (0x4)

/DISCARD/
 libc.a(*)
 libm.a(*)
 libgcc.a(*)

.ARM.attributes
                0x00000000       0x2f
 *(.ARM.attributes)
 .ARM.attributes
                0x00000000       0x21 C:\Users\wywyw\AppData\Local\Temp\cc0rDgCp.o
 .ARM.attributes
                0x00000021       0x2d C:\Users\wywyw\AppData\Local\Temp\ccCVhLHf.o
OUTPUT(build\test_led.elf elf32-littlearm)
LOAD linker stubs
LOAD C:/ST/STM32CubeIDE_1.19.0/STM32CubeIDE/plugins/com.st.stm32cube.ide.mcu.externaltools.gnu-tools-for-stm32.13.3.rel1.win32_1.0.0.202411081344/tools/bin/../lib/gcc/arm-none-eabi/13.3.1/../../../../arm-none-eabi/lib/thumb/v7-m/nofp\libc.a
LOAD C:/ST/STM32CubeIDE_1.19.0/STM32CubeIDE/plugins/com.st.stm32cube.ide.mcu.externaltools.gnu-tools-for-stm32.13.3.rel1.win32_1.0.0.202411081344/tools/bin/../lib/gcc/arm-none-eabi/13.3.1/../../../../arm-none-eabi/lib/thumb/v7-m/nofp\libm.a
LOAD C:/ST/STM32CubeIDE_1.19.0/STM32CubeIDE/plugins/com.st.stm32cube.ide.mcu.externaltools.gnu-tools-for-stm32.13.3.rel1.win32_1.0.0.202411081344/tools/bin/../lib/gcc/arm-none-eabi/13.3.1/thumb/v7-m/nofp\libgcc.a

.comment        0x00000000       0x43
 .comment       0x00000000       0x43 C:\Users\wywyw\AppData\Local\Temp\ccCVhLHf.o
                                 0x44 (size before relaxing)
